Archive member included to satisfy reference by file (symbol)

c:/program files (x86)/atollic/truestudio for stm32 9.0.0/armtools/bin/../lib/gcc/arm-atollic-eabi/6.3.1/../../../../arm-atollic-eabi/lib/armv7e-m/fpu\libc_nano.a(lib_a-init.o)
                              Start\startup_stm32f407xx.o (__libc_init_array)

Memory Configuration

Name             Origin             Length             Attributes
FLASH            0x08000000         0x00080000         xr
RAM              0x20000000         0x00020000         xrw
MEMORY_B1        0x60000000         0x00000000         xr
CCMRAM           0x10000000         0x00010000         rw
*default*        0x00000000         0xffffffff

Linker script and memory map

LOAD c:/program files (x86)/atollic/truestudio for stm32 9.0.0/armtools/bin/../lib/gcc/arm-atollic-eabi/6.3.1/armv7e-m/fpu/crti.o
LOAD c:/program files (x86)/atollic/truestudio for stm32 9.0.0/armtools/bin/../lib/gcc/arm-atollic-eabi/6.3.1/armv7e-m/fpu/crtbegin.o
LOAD App\main.o
LOAD CMSIS\system_stm32f4xx.o
LOAD Start\startup_stm32f407xx.o
LOAD hd44780\hd44780.o
                0x00000080                malloc_getpagesize_P = 0x80
START GROUP
LOAD c:/program files (x86)/atollic/truestudio for stm32 9.0.0/armtools/bin/../lib/gcc/arm-atollic-eabi/6.3.1/../../../../arm-atollic-eabi/lib/armv7e-m/fpu\libc_nano.a
LOAD c:/program files (x86)/atollic/truestudio for stm32 9.0.0/armtools/bin/../lib/gcc/arm-atollic-eabi/6.3.1/../../../../arm-atollic-eabi/lib/armv7e-m/fpu\libm.a
END GROUP
START GROUP
LOAD c:/program files (x86)/atollic/truestudio for stm32 9.0.0/armtools/bin/../lib/gcc/arm-atollic-eabi/6.3.1/armv7e-m/fpu\libgcc.a
LOAD c:/program files (x86)/atollic/truestudio for stm32 9.0.0/armtools/bin/../lib/gcc/arm-atollic-eabi/6.3.1/../../../../arm-atollic-eabi/lib/armv7e-m/fpu\libc_nano.a
END GROUP
START GROUP
LOAD c:/program files (x86)/atollic/truestudio for stm32 9.0.0/armtools/bin/../lib/gcc/arm-atollic-eabi/6.3.1/armv7e-m/fpu\libgcc.a
LOAD c:/program files (x86)/atollic/truestudio for stm32 9.0.0/armtools/bin/../lib/gcc/arm-atollic-eabi/6.3.1/../../../../arm-atollic-eabi/lib/armv7e-m/fpu\libc_nano.a
LOAD c:/program files (x86)/atollic/truestudio for stm32 9.0.0/armtools/bin/../lib/gcc/arm-atollic-eabi/6.3.1/../../../../arm-atollic-eabi/lib/armv7e-m/fpu\libnosys.a
END GROUP
START GROUP
LOAD c:/program files (x86)/atollic/truestudio for stm32 9.0.0/armtools/bin/../lib/gcc/arm-atollic-eabi/6.3.1/armv7e-m/fpu\libgcc.a
LOAD c:/program files (x86)/atollic/truestudio for stm32 9.0.0/armtools/bin/../lib/gcc/arm-atollic-eabi/6.3.1/../../../../arm-atollic-eabi/lib/armv7e-m/fpu\libc_nano.a
LOAD c:/program files (x86)/atollic/truestudio for stm32 9.0.0/armtools/bin/../lib/gcc/arm-atollic-eabi/6.3.1/../../../../arm-atollic-eabi/lib/armv7e-m/fpu\libnosys.a
END GROUP
LOAD c:/program files (x86)/atollic/truestudio for stm32 9.0.0/armtools/bin/../lib/gcc/arm-atollic-eabi/6.3.1/armv7e-m/fpu/crtend.o
LOAD c:/program files (x86)/atollic/truestudio for stm32 9.0.0/armtools/bin/../lib/gcc/arm-atollic-eabi/6.3.1/armv7e-m/fpu/crtn.o
                0x20020000                _estack = 0x20020000
                0x00000000                _Min_Heap_Size = 0x0
                0x00000400                _Min_Stack_Size = 0x400

.isr_vector     0x08000000      0x188
                0x08000000                . = ALIGN (0x4)
 *(.isr_vector)
 .isr_vector    0x08000000      0x188 Start\startup_stm32f407xx.o
                0x08000000                g_pfnVectors
                0x08000188                . = ALIGN (0x4)

.text           0x08000188      0x918
                0x08000188                . = ALIGN (0x4)
 *(.text)
 .text          0x08000188        0x0 c:/program files (x86)/atollic/truestudio for stm32 9.0.0/armtools/bin/../lib/gcc/arm-atollic-eabi/6.3.1/armv7e-m/fpu/crti.o
 .text          0x08000188       0x40 c:/program files (x86)/atollic/truestudio for stm32 9.0.0/armtools/bin/../lib/gcc/arm-atollic-eabi/6.3.1/armv7e-m/fpu/crtbegin.o
 .text          0x080001c8      0x150 App\main.o
                0x080001c8                gpio_init
                0x080001f0                SPI_Init
                0x08000294                SPI_Write
                0x080002d4                TB_Wait
                0x080002e8                lcd_us_delay
                0x08000302                SysTick_Handler
 .text          0x08000318       0xc0 CMSIS\system_stm32f4xx.o
                0x08000318                SystemInit
                0x08000364                SystemCoreClockUpdate
 .text          0x080003d8       0x14 Start\startup_stm32f407xx.o
 .text          0x080003ec      0x408 hd44780\hd44780.o
                0x0800045a                lcd_clrscr
                0x0800046c                lcd_return
                0x0800047e                lcd_scroll
                0x08000494                cursor_shift
                0x080004a6                lcd_goto
                0x080004e2                lcd_setmode
                0x080004e6                lcd_putc
                0x080004f6                lcd_puts
                0x0800053e                lcd_loadchar
                0x08000568                lcd_drawchar
                0x08000586                lcd_backspace
                0x08000598                lcd_itos
                0x080005e4                lcd_ntos
                0x0800061c                lcd_ftos
                0x0800068a                lcd_drawbar
                0x08000720                lcd_clrbar
                0x0800075c                lcd_init
 .text          0x080007f4        0x0 c:/program files (x86)/atollic/truestudio for stm32 9.0.0/armtools/bin/../lib/gcc/arm-atollic-eabi/6.3.1/../../../../arm-atollic-eabi/lib/armv7e-m/fpu\libc_nano.a(lib_a-init.o)
 .text          0x080007f4        0x0 c:/program files (x86)/atollic/truestudio for stm32 9.0.0/armtools/bin/../lib/gcc/arm-atollic-eabi/6.3.1/armv7e-m/fpu/crtend.o
 .text          0x080007f4        0x0 c:/program files (x86)/atollic/truestudio for stm32 9.0.0/armtools/bin/../lib/gcc/arm-atollic-eabi/6.3.1/armv7e-m/fpu/crtn.o
 *(.text*)
 .text.startup  0x080007f4      0x1f4 App\main.o
                0x080007f4                main
 .text.Reset_Handler
                0x080009e8       0x50 Start\startup_stm32f407xx.o
                0x080009e8                Reset_Handler
 .text.Default_Handler
                0x08000a38        0x2 Start\startup_stm32f407xx.o
                0x08000a38                RTC_Alarm_IRQHandler
                0x08000a38                HASH_RNG_IRQHandler
                0x08000a38                EXTI2_IRQHandler
                0x08000a38                TIM8_CC_IRQHandler
                0x08000a38                DebugMon_Handler
                0x08000a38                TIM1_CC_IRQHandler
                0x08000a38                DMA2_Stream5_IRQHandler
                0x08000a38                HardFault_Handler
                0x08000a38                DMA1_Stream5_IRQHandler
                0x08000a38                PVD_IRQHandler
                0x08000a38                SDIO_IRQHandler
                0x08000a38                TAMP_STAMP_IRQHandler
                0x08000a38                PendSV_Handler
                0x08000a38                NMI_Handler
                0x08000a38                CAN2_RX1_IRQHandler
                0x08000a38                EXTI3_IRQHandler
                0x08000a38                TIM8_TRG_COM_TIM14_IRQHandler
                0x08000a38                TIM1_UP_TIM10_IRQHandler
                0x08000a38                TIM8_UP_TIM13_IRQHandler
                0x08000a38                I2C3_ER_IRQHandler
                0x08000a38                EXTI0_IRQHandler
                0x08000a38                I2C2_EV_IRQHandler
                0x08000a38                DMA1_Stream2_IRQHandler
                0x08000a38                CAN1_RX0_IRQHandler
                0x08000a38                FPU_IRQHandler
                0x08000a38                OTG_HS_WKUP_IRQHandler
                0x08000a38                UsageFault_Handler
                0x08000a38                CAN2_SCE_IRQHandler
                0x08000a38                DMA2_Stream2_IRQHandler
                0x08000a38                SPI1_IRQHandler
                0x08000a38                TIM6_DAC_IRQHandler
                0x08000a38                TIM1_BRK_TIM9_IRQHandler
                0x08000a38                DCMI_IRQHandler
                0x08000a38                CAN2_RX0_IRQHandler
                0x08000a38                DMA2_Stream3_IRQHandler
                0x08000a38                USART6_IRQHandler
                0x08000a38                USART3_IRQHandler
                0x08000a38                CAN1_RX1_IRQHandler
                0x08000a38                UART5_IRQHandler
                0x08000a38                DMA2_Stream0_IRQHandler
                0x08000a38                TIM4_IRQHandler
                0x08000a38                I2C1_EV_IRQHandler
                0x08000a38                DMA1_Stream6_IRQHandler
                0x08000a38                DMA1_Stream1_IRQHandler
                0x08000a38                UART4_IRQHandler
                0x08000a38                TIM3_IRQHandler
                0x08000a38                RCC_IRQHandler
                0x08000a38                TIM8_BRK_TIM12_IRQHandler
                0x08000a38                Default_Handler
                0x08000a38                EXTI15_10_IRQHandler
                0x08000a38                ADC_IRQHandler
                0x08000a38                DMA1_Stream7_IRQHandler
                0x08000a38                TIM7_IRQHandler
                0x08000a38                CAN2_TX_IRQHandler
                0x08000a38                TIM5_IRQHandler
                0x08000a38                DMA2_Stream7_IRQHandler
                0x08000a38                I2C3_EV_IRQHandler
                0x08000a38                EXTI9_5_IRQHandler
                0x08000a38                RTC_WKUP_IRQHandler
                0x08000a38                ETH_WKUP_IRQHandler
                0x08000a38                SPI2_IRQHandler
                0x08000a38                OTG_HS_EP1_IN_IRQHandler
                0x08000a38                MemManage_Handler
                0x08000a38                DMA1_Stream0_IRQHandler
                0x08000a38                CAN1_TX_IRQHandler
                0x08000a38                SVC_Handler
                0x08000a38                EXTI4_IRQHandler
                0x08000a38                FSMC_IRQHandler
                0x08000a38                ETH_IRQHandler
                0x08000a38                OTG_HS_EP1_OUT_IRQHandler
                0x08000a38                WWDG_IRQHandler
                0x08000a38                TIM2_IRQHandler
                0x08000a38                OTG_FS_WKUP_IRQHandler
                0x08000a38                TIM1_TRG_COM_TIM11_IRQHandler
                0x08000a38                OTG_HS_IRQHandler
                0x08000a38                EXTI1_IRQHandler
                0x08000a38                USART2_IRQHandler
                0x08000a38                I2C2_ER_IRQHandler
                0x08000a38                DMA2_Stream1_IRQHandler
                0x08000a38                CAN1_SCE_IRQHandler
                0x08000a38                FLASH_IRQHandler
                0x08000a38                DMA2_Stream4_IRQHandler
                0x08000a38                BusFault_Handler
                0x08000a38                USART1_IRQHandler
                0x08000a38                OTG_FS_IRQHandler
                0x08000a38                SPI3_IRQHandler
                0x08000a38                DMA1_Stream4_IRQHandler
                0x08000a38                I2C1_ER_IRQHandler
                0x08000a38                DMA2_Stream6_IRQHandler
                0x08000a38                DMA1_Stream3_IRQHandler
 *fill*         0x08000a3a        0x2 
 .text.__libc_init_array
                0x08000a3c       0x48 c:/program files (x86)/atollic/truestudio for stm32 9.0.0/armtools/bin/../lib/gcc/arm-atollic-eabi/6.3.1/../../../../arm-atollic-eabi/lib/armv7e-m/fpu\libc_nano.a(lib_a-init.o)
                0x08000a3c                __libc_init_array
 *(.glue_7)
 .glue_7        0x08000a84        0x0 linker stubs
 *(.glue_7t)
 .glue_7t       0x08000a84        0x0 linker stubs
 *(.eh_frame)
 .eh_frame      0x08000a84        0x0 c:/program files (x86)/atollic/truestudio for stm32 9.0.0/armtools/bin/../lib/gcc/arm-atollic-eabi/6.3.1/armv7e-m/fpu/crtbegin.o
 .eh_frame      0x08000a84        0x4 c:/program files (x86)/atollic/truestudio for stm32 9.0.0/armtools/bin/../lib/gcc/arm-atollic-eabi/6.3.1/armv7e-m/fpu/crtend.o
 *(.init)
 .init          0x08000a88        0x4 c:/program files (x86)/atollic/truestudio for stm32 9.0.0/armtools/bin/../lib/gcc/arm-atollic-eabi/6.3.1/armv7e-m/fpu/crti.o
                0x08000a88                _init
 .init          0x08000a8c        0x8 c:/program files (x86)/atollic/truestudio for stm32 9.0.0/armtools/bin/../lib/gcc/arm-atollic-eabi/6.3.1/armv7e-m/fpu/crtn.o
 *(.fini)
 .fini          0x08000a94        0x4 c:/program files (x86)/atollic/truestudio for stm32 9.0.0/armtools/bin/../lib/gcc/arm-atollic-eabi/6.3.1/armv7e-m/fpu/crti.o
                0x08000a94                _fini
 .fini          0x08000a98        0x8 c:/program files (x86)/atollic/truestudio for stm32 9.0.0/armtools/bin/../lib/gcc/arm-atollic-eabi/6.3.1/armv7e-m/fpu/crtn.o
                0x08000aa0                . = ALIGN (0x4)
                0x08000aa0                _etext = .

.vfp11_veneer   0x08000aa0        0x0
 .vfp11_veneer  0x08000aa0        0x0 linker stubs

.v4_bx          0x08000aa0        0x0
 .v4_bx         0x08000aa0        0x0 linker stubs

.iplt           0x08000aa0        0x0
 .iplt          0x08000aa0        0x0 c:/program files (x86)/atollic/truestudio for stm32 9.0.0/armtools/bin/../lib/gcc/arm-atollic-eabi/6.3.1/armv7e-m/fpu/crtbegin.o

.rodata         0x08000aa0       0x44
                0x08000aa0                . = ALIGN (0x4)
 *(.rodata)
 .rodata        0x08000aa0       0x18 CMSIS\system_stm32f4xx.o
                0x08000aa0                AHBPrescTable
                0x08000ab0                APBPrescTable
 .rodata        0x08000ab8        0x6 hd44780\hd44780.o
 *(.rodata*)
 .rodata.str1.1
                0x08000abe       0x24 App\main.o
                0x08000ae4                . = ALIGN (0x4)
 *fill*         0x08000ae2        0x2 

.rel.dyn        0x08000ae4        0x0
 .rel.iplt      0x08000ae4        0x0 c:/program files (x86)/atollic/truestudio for stm32 9.0.0/armtools/bin/../lib/gcc/arm-atollic-eabi/6.3.1/armv7e-m/fpu/crtbegin.o

.ARM.extab
 *(.ARM.extab* .gnu.linkonce.armextab.*)

.ARM            0x08000ae4        0x0
                0x08000ae4                __exidx_start = .
 *(.ARM.exidx*)
                0x08000ae4                __exidx_end = .

.preinit_array  0x08000ae4        0x0
                0x08000ae4                PROVIDE (__preinit_array_start, .)
 *(.preinit_array*)
                0x08000ae4                PROVIDE (__preinit_array_end, .)

.init_array     0x08000ae4        0x4
                0x08000ae4                PROVIDE (__init_array_start, .)
 *(SORT(.init_array.*))
 *(.init_array*)
 .init_array    0x08000ae4        0x4 c:/program files (x86)/atollic/truestudio for stm32 9.0.0/armtools/bin/../lib/gcc/arm-atollic-eabi/6.3.1/armv7e-m/fpu/crtbegin.o
                0x08000ae8                PROVIDE (__init_array_end, .)

.fini_array     0x08000ae8        0x4
                [!provide]                PROVIDE (__fini_array_start, .)
 *(SORT(.fini_array.*))
 *(.fini_array*)
 .fini_array    0x08000ae8        0x4 c:/program files (x86)/atollic/truestudio for stm32 9.0.0/armtools/bin/../lib/gcc/arm-atollic-eabi/6.3.1/armv7e-m/fpu/crtbegin.o
                [!provide]                PROVIDE (__fini_array_end, .)
                0x08000aec                _sidata = LOADADDR (.data)

.data           0x20000000       0x10 load address 0x08000aec
                0x20000000                . = ALIGN (0x4)
                0x20000000                _sdata = .
 *(.data)
 .data          0x20000000        0x0 c:/program files (x86)/atollic/truestudio for stm32 9.0.0/armtools/bin/../lib/gcc/arm-atollic-eabi/6.3.1/armv7e-m/fpu/crti.o
 .data          0x20000000        0x4 c:/program files (x86)/atollic/truestudio for stm32 9.0.0/armtools/bin/../lib/gcc/arm-atollic-eabi/6.3.1/armv7e-m/fpu/crtbegin.o
                0x20000000                __dso_handle
 .data          0x20000004        0x8 App\main.o
                0x20000004                chess
 .data          0x2000000c        0x4 CMSIS\system_stm32f4xx.o
                0x2000000c                SystemCoreClock
 .data          0x20000010        0x0 Start\startup_stm32f407xx.o
 .data          0x20000010        0x0 hd44780\hd44780.o
 .data          0x20000010        0x0 c:/program files (x86)/atollic/truestudio for stm32 9.0.0/armtools/bin/../lib/gcc/arm-atollic-eabi/6.3.1/../../../../arm-atollic-eabi/lib/armv7e-m/fpu\libc_nano.a(lib_a-init.o)
 .data          0x20000010        0x0 c:/program files (x86)/atollic/truestudio for stm32 9.0.0/armtools/bin/../lib/gcc/arm-atollic-eabi/6.3.1/armv7e-m/fpu/crtend.o
 .data          0x20000010        0x0 c:/program files (x86)/atollic/truestudio for stm32 9.0.0/armtools/bin/../lib/gcc/arm-atollic-eabi/6.3.1/armv7e-m/fpu/crtn.o
 *(.data*)
                0x20000010                . = ALIGN (0x4)
                0x20000010                _edata = .
                0x08000afc                _siccmram = LOADADDR (.ccmram)

.igot.plt       0x20000010        0x0 load address 0x08000afc
 .igot.plt      0x20000010        0x0 c:/program files (x86)/atollic/truestudio for stm32 9.0.0/armtools/bin/../lib/gcc/arm-atollic-eabi/6.3.1/armv7e-m/fpu/crtbegin.o

.ccmram         0x10000000        0x0 load address 0x08000afc
                0x10000000                . = ALIGN (0x4)
                0x10000000                _sccmram = .
 *(.ccmram)
 *(.ccmram*)
                0x10000000                . = ALIGN (0x4)
                0x10000000                _eccmram = .
                0x10000000                . = ALIGN (0x4)

.bss            0x20000010       0x20
                0x20000010                _sbss = .
                0x20000010                __bss_start__ = _sbss
 *(.bss)
 .bss           0x20000010        0x0 c:/program files (x86)/atollic/truestudio for stm32 9.0.0/armtools/bin/../lib/gcc/arm-atollic-eabi/6.3.1/armv7e-m/fpu/crti.o
 .bss           0x20000010       0x1c c:/program files (x86)/atollic/truestudio for stm32 9.0.0/armtools/bin/../lib/gcc/arm-atollic-eabi/6.3.1/armv7e-m/fpu/crtbegin.o
 .bss           0x2000002c        0x2 App\main.o
 .bss           0x2000002e        0x0 CMSIS\system_stm32f4xx.o
 .bss           0x2000002e        0x0 Start\startup_stm32f407xx.o
 .bss           0x2000002e        0x2 hd44780\hd44780.o
 .bss           0x20000030        0x0 c:/program files (x86)/atollic/truestudio for stm32 9.0.0/armtools/bin/../lib/gcc/arm-atollic-eabi/6.3.1/../../../../arm-atollic-eabi/lib/armv7e-m/fpu\libc_nano.a(lib_a-init.o)
 .bss           0x20000030        0x0 c:/program files (x86)/atollic/truestudio for stm32 9.0.0/armtools/bin/../lib/gcc/arm-atollic-eabi/6.3.1/armv7e-m/fpu/crtend.o
 .bss           0x20000030        0x0 c:/program files (x86)/atollic/truestudio for stm32 9.0.0/armtools/bin/../lib/gcc/arm-atollic-eabi/6.3.1/armv7e-m/fpu/crtn.o
 *(.bss*)
 *(COMMON)
                0x20000030                . = ALIGN (0x4)
                0x20000030                _ebss = .
                0x20000030                __bss_end__ = _ebss

._user_heap_stack
                0x20000030      0x400
                0x20000030                . = ALIGN (0x4)
                [!provide]                PROVIDE (end, .)
                [!provide]                PROVIDE (_end, .)
                0x20000030                . = (. + _Min_Heap_Size)
                0x20000430                . = (. + _Min_Stack_Size)
 *fill*         0x20000030      0x400 
                0x20000430                . = ALIGN (0x4)

.memory_b1_text
 *(.mb1text)
 *(.mb1text*)
 *(.mb1rodata)
 *(.mb1rodata*)

/DISCARD/
 libc.a(*)
 libm.a(*)
 libgcc.a(*)

.ARM.attributes
                0x00000000       0x30
 *(.ARM.attributes)
 .ARM.attributes
                0x00000000       0x22 c:/program files (x86)/atollic/truestudio for stm32 9.0.0/armtools/bin/../lib/gcc/arm-atollic-eabi/6.3.1/armv7e-m/fpu/crti.o
 .ARM.attributes
                0x00000022       0x34 c:/program files (x86)/atollic/truestudio for stm32 9.0.0/armtools/bin/../lib/gcc/arm-atollic-eabi/6.3.1/armv7e-m/fpu/crtbegin.o
 .ARM.attributes
                0x00000056       0x39 App\main.o
 .ARM.attributes
                0x0000008f       0x39 CMSIS\system_stm32f4xx.o
 .ARM.attributes
                0x000000c8       0x21 Start\startup_stm32f407xx.o
 .ARM.attributes
                0x000000e9       0x39 hd44780\hd44780.o
 .ARM.attributes
                0x00000122       0x34 c:/program files (x86)/atollic/truestudio for stm32 9.0.0/armtools/bin/../lib/gcc/arm-atollic-eabi/6.3.1/../../../../arm-atollic-eabi/lib/armv7e-m/fpu\libc_nano.a(lib_a-init.o)
 .ARM.attributes
                0x00000156       0x34 c:/program files (x86)/atollic/truestudio for stm32 9.0.0/armtools/bin/../lib/gcc/arm-atollic-eabi/6.3.1/armv7e-m/fpu/crtend.o
 .ARM.attributes
                0x0000018a       0x22 c:/program files (x86)/atollic/truestudio for stm32 9.0.0/armtools/bin/../lib/gcc/arm-atollic-eabi/6.3.1/armv7e-m/fpu/crtn.o
OUTPUT(hd44780_spi_f4.elf elf32-littlearm)

.debug_info     0x00000000     0x21fb
 .debug_info    0x00000000      0xf11 App\main.o
 .debug_info    0x00000f11      0x503 CMSIS\system_stm32f4xx.o
 .debug_info    0x00001414       0x7b Start\startup_stm32f407xx.o
 .debug_info    0x0000148f      0xd6c hd44780\hd44780.o

.debug_abbrev   0x00000000      0x647
 .debug_abbrev  0x00000000      0x286 App\main.o
 .debug_abbrev  0x00000286      0x10e CMSIS\system_stm32f4xx.o
 .debug_abbrev  0x00000394       0x12 Start\startup_stm32f407xx.o
 .debug_abbrev  0x000003a6      0x2a1 hd44780\hd44780.o

.debug_loc      0x00000000      0x9c9
 .debug_loc     0x00000000      0x188 App\main.o
 .debug_loc     0x00000188      0x11c CMSIS\system_stm32f4xx.o
 .debug_loc     0x000002a4      0x725 hd44780\hd44780.o

.debug_aranges  0x00000000       0x90
 .debug_aranges
                0x00000000       0x28 App\main.o
 .debug_aranges
                0x00000028       0x20 CMSIS\system_stm32f4xx.o
 .debug_aranges
                0x00000048       0x28 Start\startup_stm32f407xx.o
 .debug_aranges
                0x00000070       0x20 hd44780\hd44780.o

.debug_ranges   0x00000000       0xd0
 .debug_ranges  0x00000000       0x30 App\main.o
 .debug_ranges  0x00000030       0x20 Start\startup_stm32f407xx.o
 .debug_ranges  0x00000050       0x80 hd44780\hd44780.o

.debug_line     0x00000000      0x7fe
 .debug_line    0x00000000      0x2c4 App\main.o
 .debug_line    0x000002c4      0x1c8 CMSIS\system_stm32f4xx.o
 .debug_line    0x0000048c       0x7d Start\startup_stm32f407xx.o
 .debug_line    0x00000509      0x2f5 hd44780\hd44780.o

.debug_str      0x00000000      0xb47
 .debug_str     0x00000000      0xa1b App\main.o
                                0xa88 (size before relaxing)
 .debug_str     0x00000a1b       0x42 CMSIS\system_stm32f4xx.o
                                0x381 (size before relaxing)
 .debug_str     0x00000a5d       0xea hd44780\hd44780.o
                                0x384 (size before relaxing)

.comment        0x00000000       0x7c
 .comment       0x00000000       0x7c App\main.o
                                 0x7d (size before relaxing)
 .comment       0x0000007c       0x7d CMSIS\system_stm32f4xx.o
 .comment       0x0000007c       0x7d hd44780\hd44780.o

.debug_frame    0x00000000      0x344
 .debug_frame   0x00000000       0x98 App\main.o
 .debug_frame   0x00000098       0x38 CMSIS\system_stm32f4xx.o
 .debug_frame   0x000000d0      0x248 hd44780\hd44780.o
 .debug_frame   0x00000318       0x2c c:/program files (x86)/atollic/truestudio for stm32 9.0.0/armtools/bin/../lib/gcc/arm-atollic-eabi/6.3.1/../../../../arm-atollic-eabi/lib/armv7e-m/fpu\libc_nano.a(lib_a-init.o)

Cross Reference Table

Symbol                                            File
ADC_IRQHandler                                    Start\startup_stm32f407xx.o
AHBPrescTable                                     CMSIS\system_stm32f4xx.o
APBPrescTable                                     CMSIS\system_stm32f4xx.o
BusFault_Handler                                  Start\startup_stm32f407xx.o
CAN1_RX0_IRQHandler                               Start\startup_stm32f407xx.o
CAN1_RX1_IRQHandler                               Start\startup_stm32f407xx.o
CAN1_SCE_IRQHandler                               Start\startup_stm32f407xx.o
CAN1_TX_IRQHandler                                Start\startup_stm32f407xx.o
CAN2_RX0_IRQHandler                               Start\startup_stm32f407xx.o
CAN2_RX1_IRQHandler                               Start\startup_stm32f407xx.o
CAN2_SCE_IRQHandler                               Start\startup_stm32f407xx.o
CAN2_TX_IRQHandler                                Start\startup_stm32f407xx.o
DCMI_IRQHandler                                   Start\startup_stm32f407xx.o
DMA1_Stream0_IRQHandler                           Start\startup_stm32f407xx.o
DMA1_Stream1_IRQHandler                           Start\startup_stm32f407xx.o
DMA1_Stream2_IRQHandler                           Start\startup_stm32f407xx.o
DMA1_Stream3_IRQHandler                           Start\startup_stm32f407xx.o
DMA1_Stream4_IRQHandler                           Start\startup_stm32f407xx.o
DMA1_Stream5_IRQHandler                           Start\startup_stm32f407xx.o
DMA1_Stream6_IRQHandler                           Start\startup_stm32f407xx.o
DMA1_Stream7_IRQHandler                           Start\startup_stm32f407xx.o
DMA2_Stream0_IRQHandler                           Start\startup_stm32f407xx.o
DMA2_Stream1_IRQHandler                           Start\startup_stm32f407xx.o
DMA2_Stream2_IRQHandler                           Start\startup_stm32f407xx.o
DMA2_Stream3_IRQHandler                           Start\startup_stm32f407xx.o
DMA2_Stream4_IRQHandler                           Start\startup_stm32f407xx.o
DMA2_Stream5_IRQHandler                           Start\startup_stm32f407xx.o
DMA2_Stream6_IRQHandler                           Start\startup_stm32f407xx.o
DMA2_Stream7_IRQHandler                           Start\startup_stm32f407xx.o
DebugMon_Handler                                  Start\startup_stm32f407xx.o
Default_Handler                                   Start\startup_stm32f407xx.o
ETH_IRQHandler                                    Start\startup_stm32f407xx.o
ETH_WKUP_IRQHandler                               Start\startup_stm32f407xx.o
EXTI0_IRQHandler                                  Start\startup_stm32f407xx.o
EXTI15_10_IRQHandler                              Start\startup_stm32f407xx.o
EXTI1_IRQHandler                                  Start\startup_stm32f407xx.o
EXTI2_IRQHandler                                  Start\startup_stm32f407xx.o
EXTI3_IRQHandler                                  Start\startup_stm32f407xx.o
EXTI4_IRQHandler                                  Start\startup_stm32f407xx.o
EXTI9_5_IRQHandler                                Start\startup_stm32f407xx.o
FLASH_IRQHandler                                  Start\startup_stm32f407xx.o
FPU_IRQHandler                                    Start\startup_stm32f407xx.o
FSMC_IRQHandler                                   Start\startup_stm32f407xx.o
HASH_RNG_IRQHandler                               Start\startup_stm32f407xx.o
HardFault_Handler                                 Start\startup_stm32f407xx.o
I2C1_ER_IRQHandler                                Start\startup_stm32f407xx.o
I2C1_EV_IRQHandler                                Start\startup_stm32f407xx.o
I2C2_ER_IRQHandler                                Start\startup_stm32f407xx.o
I2C2_EV_IRQHandler                                Start\startup_stm32f407xx.o
I2C3_ER_IRQHandler                                Start\startup_stm32f407xx.o
I2C3_EV_IRQHandler                                Start\startup_stm32f407xx.o
MemManage_Handler                                 Start\startup_stm32f407xx.o
NMI_Handler                                       Start\startup_stm32f407xx.o
OTG_FS_IRQHandler                                 Start\startup_stm32f407xx.o
OTG_FS_WKUP_IRQHandler                            Start\startup_stm32f407xx.o
OTG_HS_EP1_IN_IRQHandler                          Start\startup_stm32f407xx.o
OTG_HS_EP1_OUT_IRQHandler                         Start\startup_stm32f407xx.o
OTG_HS_IRQHandler                                 Start\startup_stm32f407xx.o
OTG_HS_WKUP_IRQHandler                            Start\startup_stm32f407xx.o
PVD_IRQHandler                                    Start\startup_stm32f407xx.o
PendSV_Handler                                    Start\startup_stm32f407xx.o
RCC_IRQHandler                                    Start\startup_stm32f407xx.o
RTC_Alarm_IRQHandler                              Start\startup_stm32f407xx.o
RTC_WKUP_IRQHandler                               Start\startup_stm32f407xx.o
Reset_Handler                                     Start\startup_stm32f407xx.o
SDIO_IRQHandler                                   Start\startup_stm32f407xx.o
SPI1_IRQHandler                                   Start\startup_stm32f407xx.o
SPI2_IRQHandler                                   Start\startup_stm32f407xx.o
SPI3_IRQHandler                                   Start\startup_stm32f407xx.o
SPI_Init                                          App\main.o
                                                  hd44780\hd44780.o
SPI_Write                                         App\main.o
                                                  hd44780\hd44780.o
SVC_Handler                                       Start\startup_stm32f407xx.o
SysTick_Handler                                   App\main.o
SystemCoreClock                                   CMSIS\system_stm32f4xx.o
                                                  App\main.o
SystemCoreClockUpdate                             CMSIS\system_stm32f4xx.o
                                                  App\main.o
SystemInit                                        CMSIS\system_stm32f4xx.o
                                                  Start\startup_stm32f407xx.o
TAMP_STAMP_IRQHandler                             Start\startup_stm32f407xx.o
TB_Wait                                           App\main.o
TIM1_BRK_TIM9_IRQHandler                          Start\startup_stm32f407xx.o
TIM1_CC_IRQHandler                                Start\startup_stm32f407xx.o
TIM1_TRG_COM_TIM11_IRQHandler                     Start\startup_stm32f407xx.o
TIM1_UP_TIM10_IRQHandler                          Start\startup_stm32f407xx.o
TIM2_IRQHandler                                   Start\startup_stm32f407xx.o
TIM3_IRQHandler                                   Start\startup_stm32f407xx.o
TIM4_IRQHandler                                   Start\startup_stm32f407xx.o
TIM5_IRQHandler                                   Start\startup_stm32f407xx.o
TIM6_DAC_IRQHandler                               Start\startup_stm32f407xx.o
TIM7_IRQHandler                                   Start\startup_stm32f407xx.o
TIM8_BRK_TIM12_IRQHandler                         Start\startup_stm32f407xx.o
TIM8_CC_IRQHandler                                Start\startup_stm32f407xx.o
TIM8_TRG_COM_TIM14_IRQHandler                     Start\startup_stm32f407xx.o
TIM8_UP_TIM13_IRQHandler                          Start\startup_stm32f407xx.o
UART4_IRQHandler                                  Start\startup_stm32f407xx.o
UART5_IRQHandler                                  Start\startup_stm32f407xx.o
USART1_IRQHandler                                 Start\startup_stm32f407xx.o
USART2_IRQHandler                                 Start\startup_stm32f407xx.o
USART3_IRQHandler                                 Start\startup_stm32f407xx.o
USART6_IRQHandler                                 Start\startup_stm32f407xx.o
UsageFault_Handler                                Start\startup_stm32f407xx.o
WWDG_IRQHandler                                   Start\startup_stm32f407xx.o
__deregister_frame_info                           c:/program files (x86)/atollic/truestudio for stm32 9.0.0/armtools/bin/../lib/gcc/arm-atollic-eabi/6.3.1/armv7e-m/fpu/crtbegin.o
__dso_handle                                      c:/program files (x86)/atollic/truestudio for stm32 9.0.0/armtools/bin/../lib/gcc/arm-atollic-eabi/6.3.1/armv7e-m/fpu/crtbegin.o
__init_array_end                                  c:/program files (x86)/atollic/truestudio for stm32 9.0.0/armtools/bin/../lib/gcc/arm-atollic-eabi/6.3.1/../../../../arm-atollic-eabi/lib/armv7e-m/fpu\libc_nano.a(lib_a-init.o)
__init_array_start                                c:/program files (x86)/atollic/truestudio for stm32 9.0.0/armtools/bin/../lib/gcc/arm-atollic-eabi/6.3.1/../../../../arm-atollic-eabi/lib/armv7e-m/fpu\libc_nano.a(lib_a-init.o)
__libc_init_array                                 c:/program files (x86)/atollic/truestudio for stm32 9.0.0/armtools/bin/../lib/gcc/arm-atollic-eabi/6.3.1/../../../../arm-atollic-eabi/lib/armv7e-m/fpu\libc_nano.a(lib_a-init.o)
                                                  Start\startup_stm32f407xx.o
__preinit_array_end                               c:/program files (x86)/atollic/truestudio for stm32 9.0.0/armtools/bin/../lib/gcc/arm-atollic-eabi/6.3.1/../../../../arm-atollic-eabi/lib/armv7e-m/fpu\libc_nano.a(lib_a-init.o)
__preinit_array_start                             c:/program files (x86)/atollic/truestudio for stm32 9.0.0/armtools/bin/../lib/gcc/arm-atollic-eabi/6.3.1/../../../../arm-atollic-eabi/lib/armv7e-m/fpu\libc_nano.a(lib_a-init.o)
__register_frame_info                             c:/program files (x86)/atollic/truestudio for stm32 9.0.0/armtools/bin/../lib/gcc/arm-atollic-eabi/6.3.1/armv7e-m/fpu/crtbegin.o
_ebss                                             Start\startup_stm32f407xx.o
_edata                                            Start\startup_stm32f407xx.o
_estack                                           Start\startup_stm32f407xx.o
_fini                                             c:/program files (x86)/atollic/truestudio for stm32 9.0.0/armtools/bin/../lib/gcc/arm-atollic-eabi/6.3.1/armv7e-m/fpu/crti.o
_init                                             c:/program files (x86)/atollic/truestudio for stm32 9.0.0/armtools/bin/../lib/gcc/arm-atollic-eabi/6.3.1/armv7e-m/fpu/crti.o
                                                  c:/program files (x86)/atollic/truestudio for stm32 9.0.0/armtools/bin/../lib/gcc/arm-atollic-eabi/6.3.1/../../../../arm-atollic-eabi/lib/armv7e-m/fpu\libc_nano.a(lib_a-init.o)
_sbss                                             Start\startup_stm32f407xx.o
_sdata                                            Start\startup_stm32f407xx.o
_sidata                                           Start\startup_stm32f407xx.o
chess                                             App\main.o
cursor_shift                                      hd44780\hd44780.o
                                                  App\main.o
g_pfnVectors                                      Start\startup_stm32f407xx.o
gpio_init                                         App\main.o
                                                  hd44780\hd44780.o
lcd_backspace                                     hd44780\hd44780.o
                                                  App\main.o
lcd_clrbar                                        hd44780\hd44780.o
lcd_clrscr                                        hd44780\hd44780.o
                                                  App\main.o
lcd_drawbar                                       hd44780\hd44780.o
                                                  App\main.o
lcd_drawchar                                      hd44780\hd44780.o
lcd_ftos                                          hd44780\hd44780.o
                                                  App\main.o
lcd_goto                                          hd44780\hd44780.o
                                                  App\main.o
lcd_init                                          hd44780\hd44780.o
                                                  App\main.o
lcd_itos                                          hd44780\hd44780.o
                                                  App\main.o
lcd_loadchar                                      hd44780\hd44780.o
                                                  App\main.o
lcd_ntos                                          hd44780\hd44780.o
                                                  App\main.o
lcd_putc                                          hd44780\hd44780.o
                                                  App\main.o
lcd_puts                                          hd44780\hd44780.o
                                                  App\main.o
lcd_return                                        hd44780\hd44780.o
                                                  App\main.o
lcd_scroll                                        hd44780\hd44780.o
                                                  App\main.o
lcd_setmode                                       hd44780\hd44780.o
lcd_us_delay                                      App\main.o
main                                              App\main.o
                                                  Start\startup_stm32f407xx.o
