hd44780.c:123:13:lcd_10us_delay	8	static
hd44780.c:135:20:lcd_write	16	static
hd44780.c:318:6:cursor_shift.part.0	0	static
hd44780.c:252:6:lcd_clrscr	8	static
hd44780.c:272:6:lcd_return	8	static
hd44780.c:290:6:lcd_scroll	0	static
hd44780.c:318:6:cursor_shift	0	static
hd44780.c:342:6:lcd_goto	0	static
hd44780.c:364:6:lcd_setmode	0	static
hd44780.c:372:6:lcd_putc	8	static
hd44780.c:386:6:lcd_puts	8	static
hd44780.c:421:6:lcd_loadchar	16	static
hd44780.c:437:6:lcd_drawchar	16	static
hd44780.c:451:6:lcd_backspace	8	static
hd44780.c:473:6:lcd_itos	16	static
hd44780.c:519:6:lcd_ntos	16	static
hd44780.c:500:6:lcd_ftos	16	static
hd44780.c:563:6:lcd_drawbar	16	static
hd44780.c:633:6:lcd_clrbar	8	static
hd44780.c:659:6:lcd_init	16	static
